// Vitest Snapshot v1, https://vitest.dev/guide/snapshot.html

exports[`GifsApp > should render components properly 1`] = `
<div>
  <div
    class="content-center"
  >
    <h1>
      Buscador de Gifs
    </h1>
    <p>
       
      Encuentra los gifs que busques
       
    </p>
  </div>
  <div
    class="search-container"
  >
    <input
      placeholder="Buscar gifs"
      type="text"
      value=""
    />
    <button>
       Buscar 
    </button>
  </div>
  <div
    class="previous-searches"
  >
    <h2>
      BÃºsquedas previas
    </h2>
    <ul
      class="previous-searches-list"
    />
  </div>
  <div
    class="gifs-container"
  />
</div>
`;
